<html>
<body>
<pre>
<h1>礦ision Build Log</h1>
<h2>Tool Versions:</h2>
IDE-Version: μVision V5.24.2.0
Copyright (C) 2017 ARM Ltd and ARM Germany GmbH. All rights reserved.
License Information: Wang LinLin, dashen, LIC=UJWP0-BGZYT-PC5J8-3LYMH-I6FJ0-JUQND
 
Tool Versions:
Toolchain:       MDK-ARM Plus  Version: 5.24.1
Toolchain Path:  D:\Software\Keil_v5\ARM\ARMCC\Bin
C Compiler:      Armcc.exe V5.06 update 5 (build 528)
Assembler:       Armasm.exe V5.06 update 5 (build 528)
Linker/Locator:  ArmLink.exe V5.06 update 5 (build 528)
Library Manager: ArmAr.exe V5.06 update 5 (build 528)
Hex Converter:   FromElf.exe V5.06 update 5 (build 528)
CPU DLL:         SARMCM3.DLL V5.24.1
Dialog DLL:      DCM.DLL V1.16.0.0
Target DLL:      STLink\ST-LINKIII-KEIL_SWO.dll V3.0.1.0
Dialog DLL:      TCM.DLL V1.32.0.0
 
<h2>Project:</h2>
D:\项目系统调试区\待调试2021下-2022年上开发的项目\蓝牙+心电+步数\硬件端2\USER\Template.uvprojx
Project File Date:  04/24/2023

<h2>Output:</h2>
*** Using Compiler 'V5.06 update 5 (build 528)', folder: 'D:\Software\Keil_v5\ARM\ARMCC\Bin'
Build target 'Template'
compiling main.c...
..\HARDWARE\HC05\hc05.h(25): warning:  #1-D: last line of file ends without a newline
  #endif
main.c(73): warning:  #177-D: variable "t"  was declared but never referenced
  	u8 t;
main.c(74): warning:  #177-D: variable "key"  was declared but never referenced
  	u8 key;
main.c(75): warning:  #177-D: variable "sendmask"  was declared but never referenced
  	u8 sendmask=0;
main.c(76): warning:  #177-D: variable "sendcnt"  was declared but never referenced
  	u8 sendcnt=0;
main.c(77): warning:  #177-D: variable "sendbuf"  was declared but never referenced
  	u8 sendbuf[20];	  
main.c: 6 warnings, 0 errors
linking...
Program Size: Code=16260 RO-data=1096 RW-data=136 ZI-data=13120  
".\Objects\Template.axf" - 0 Error(s), 6 Warning(s).

<h2>Software Packages used:</h2>

Package Vendor: Keil
                http://www.keil.com/pack/Keil.STM32F1xx_DFP.2.2.0.pack
                Keil.STM32F1xx_DFP.2.2.0
                STMicroelectronics STM32F1 Series Device Support, Drivers and Examples

<h2>Collection of Component include folders:</h2>
  .\RTE\_Template
  D:\Software\Keil_v5\ARM\PACK\Keil\STM32F1xx_DFP\2.2.0\Device\Include

<h2>Collection of Component Files used:</h2>
Build Time Elapsed:  00:00:02
</pre>
</body>
</html>
